0027/0092940 [+000007/013697] | 001s 023860000ns | 2026-09-04 08:32:02 | 08:30:50.579 | [38;2;0;0;255mOoh[0m
0027/0092941 [+000007/013698] | 001s 023861000ns | 2026-09-04 08:32:06 | 08:30:54.176 | [38;2;255;0;0mFailed!  | F: 3/5 | P: 2/5 | R1 P: Pattern 3 | R1 FRT: N/A[0m
0027/0092942 [+000007/013699] | 001s 023862000ns | 2026-09-04 08:32:09 | 08:30:57.717 | [38;2;0;0;255mOoh[0m
0027/0092943 [+000007/013700] | 001s 023863000ns | 2026-09-04 08:32:13 | 08:31:01.271 | [38;2;255;0;0mFailed!  | F: 1/5 | P: 1/5 | R1 P: N/A       | R1 FRT: N/A[0m
0027/0092944 [+000007/013701] | 001s 023864000ns | 2026-09-04 08:32:16 | 08:31:04.804 | [38;2;0;0;255mOoh[0m
0027/0092945 [+000007/013702] | 001s 023865000ns | 2026-09-04 08:32:20 | 08:31:08.422 | [38;2;0;0;255mOoh[0m
0027/0092946 [+000007/013703] | 001s 023866000ns | 2026-09-04 08:32:24 | 08:31:12.012 | [38;2;0;0;255mOoh[0m
0027/0092947 [+000007/013704] | 001s 023867000ns | 2026-09-04 08:32:27 | 08:31:15.545 | [38;2;255;0;0mFailed!  | F: 1/5 | P: 2/5 | R1 P: N/A       | R1 FRT: N/A[0m
0027/0092948 [+000007/013705] | 001s 023868000ns | 2026-09-04 08:32:31 | 08:31:19.087 | [38;2;255;0;0mFailed!  | F: 3/5 | P: 2/5 | R1 P: N/A       | R1 FRT: coconut[0m
0027/0092949 [+000007/013706] | 001s 023869000ns | 2026-09-04 08:32:34 | 08:31:22.632 | [38;2;0;0;255mOoh[0m
0027/0092950 [+000007/013707] | 001s 023870000ns | 2026-09-04 08:32:38 | 08:31:26.202 | [38;2;0;0;255mOoh[0m
0027/0092951 [+000007/013708] | 001s 023871000ns | 2026-09-04 08:32:41 | 08:31:29.729 | [38;2;255;0;0mFailed!  | F: 3/5 | P: 1/5 | R1 P: N/A       | R1 FRT: lemon[0m
0027/0092952 [+000007/013709] | 001s 023872000ns | 2026-09-04 08:32:45 | 08:31:33.300 | [38;2;0;0;255mOoh[0m
0027/0092953 [+000007/013710] | 001s 023873000ns | 2026-09-04 08:32:48 | 08:31:36.830 | [38;2;0;0;255mOoh[0m
0027/0092954 [+000007/013711] | 001s 023874000ns | 2026-09-04 08:32:52 | 08:31:40.344 | [38;2;255;0;0mFailed!  | F: 3/5 | P: 1/5 | R1 P: N/A       | R1 FRT: banana[0m
0027/0092955 [+000007/013712] | 001s 023875000ns | 2026-09-04 08:32:56 | 08:31:44.059 | [38;2;255;0;0mFailed!  | F: 1/5 | P: 2/5 | R1 P: Pattern 0 | R1 FRT: lemon[0m
0027/0092956 [+000007/013713] | 001s 023876000ns | 2026-09-04 08:32:59 | 08:31:47.582 | [38;2;0;0;255mOoh[0m
0027/0092957 [+000007/013714] | 001s 023877000ns | 2026-09-04 08:33:03 | 08:31:51.194 | [38;2;255;0;0mFailed!  | F: 1/5 | P: 3/5 | R1 P: Pattern 0 | R1 FRT: N/A[0m
0027/0092958 [+000007/013715] | 001s 023878000ns | 2026-09-04 08:33:06 | 08:31:54.791 | [38;2;0;0;255mOoh[0m
0027/0092959 [+000007/013716] | 001s 023879000ns | 2026-09-04 08:33:10 | 08:31:58.351 | [38;2;0;0;255mOoh[0m
0027/0092960 [+000007/013717] | 001s 023880000ns | 2026-09-04 08:33:13 | 08:32:01.916 | [38;2;0;0;255mOoh[0m
0027/0092961 [+000007/013718] | 001s 023881000ns | 2026-09-04 08:33:17 | 08:32:05.411 | [38;2;255;0;0mFailed!  | F: 3/5 | P: 1/5 | R1 P: N/A       | R1 FRT: N/A[0m
0027/0092962 [+000007/013719] | 001s 023882000ns | 2026-09-04 08:33:21 | 08:32:08.931 | [38;2;0;0;255mOoh[0m
0027/0092963 [+000007/013720] | 001s 023883000ns | 2026-09-04 08:33:24 | 08:32:12.492 | [38;2;0;0;255mOoh[0m
0027/0092964 [+000007/013721] | 001s 023884000ns | 2026-09-04 08:33:28 | 08:32:16.112 | [38;2;255;0;0mFailed!  | F: 3/5 | P: 1/5 | R1 P: N/A       | R1 FRT: coconut[0m
0027/0092965 [+000007/013722] | 001s 023885000ns | 2026-09-04 08:33:31 | 08:32:19.727 | [38;2;0;0;255mOoh[0m
0027/0092966 [+000007/013723] | 001s 023886000ns | 2026-09-04 08:33:35 | 08:32:23.417 | [38;2;0;0;255mOoh[0m
0027/0092967 [+000007/013724] | 001s 023887000ns | 2026-09-04 08:33:39 | 08:32:27.097 | [38;2;0;0;255mOoh[0m
