0305/0077660 [+000001/000207] | 001s 087659000ns | 2026-09-06 12:09:49 | 00:06:05.657 | Failed!  | F: 3/5 | P: 5/5 | R1 P: Pattern 4 | R1 FRT: N/A
0305/0077661 [+000001/000208] | 001s 087660000ns | 2026-09-06 12:09:51 | 00:06:07.399 | Ooh
0305/0077662 [+000001/000209] | 001s 087661000ns | 2026-09-06 12:09:53 | 00:06:09.187 | Failed!  | F: 1/5 | P: 4/5 | R1 P: Pattern 4 | R1 FRT: N/A
0305/0077663 [+000001/000210] | 001s 087662000ns | 2026-09-06 12:09:54 | 00:06:10.988 | Ooh
0305/0077664 [+000001/000211] | 001s 087663000ns | 2026-09-06 12:09:56 | 00:06:12.808 | Ooh
0305/0077665 [+000001/000212] | 001s 087664000ns | 2026-09-06 12:09:58 | 00:06:14.659 | Failed!  | F: 1/5 | P: 5/5 | R1 P: Pattern 0 | R1 FRT: N/A
0305/0077666 [+000001/000213] | 001s 087665000ns | 2026-09-06 12:10:00 | 00:06:16.437 | Ooh
0305/0077667 [+000001/000214] | 001s 087666000ns | 2026-09-06 12:10:02 | 00:06:18.156 | Failed!  | F: 1/5 | P: 4/5 | R1 P: Pattern 6 | R1 FRT: N/A
0305/0077668 [+000001/000215] | 001s 087667000ns | 2026-09-06 12:10:03 | 00:06:19.968 | Failed!  | F: 1/5 | P: 4/5 | R1 P: Pattern 4 | R1 FRT: N/A
0305/0077669 [+000001/000216] | 001s 087668000ns | 2026-09-06 12:10:05 | 00:06:21.754 | Ooh
0305/0077670 [+000001/000217] | 001s 087669000ns | 2026-09-06 12:10:07 | 00:06:23.606 | Failed!  | F: 1/5 | P: 4/5 | R1 P: Pattern 0 | R1 FRT: coconut
0305/0077671 [+000001/000218] | 001s 087670000ns | 2026-09-06 12:10:09 | 00:06:25.510 | Ooh
0305/0077672 [+000001/000219] | 001s 087671000ns | 2026-09-06 12:10:11 | 00:06:27.302 | Ooh
0305/0077673 [+000001/000220] | 001s 087672000ns | 2026-09-06 12:10:12 | 00:06:29.084 | Ooh
0305/0077674 [+000001/000221] | 001s 087673000ns | 2026-09-06 12:10:15 | 00:06:31.126 | Ooh
0305/0077675 [+000001/000222] | 001s 087674000ns | 2026-09-06 12:10:16 | 00:06:32.902 | Failed!  | F: 3/5 | P: 5/5 | R1 P: Pattern 0 | R1 FRT: N/A
0305/0077676 [+000001/000223] | 001s 087675000ns | 2026-09-06 12:10:18 | 00:06:34.897 | Failed!  | F: 1/5 | P: 5/5 | R1 P: Pattern 2 | R1 FRT: N/A
0305/0077677 [+000001/000224] | 001s 087676000ns | 2026-09-06 12:10:20 | 00:06:36.702 | Failed!  | F: 3/5 | P: 4/5 | R1 P: Pattern 1 | R1 FRT: N/A
0305/0077678 [+000001/000225] | 001s 087677000ns | 2026-09-06 12:10:22 | 00:06:38.432 | Ooh
0305/0077679 [+000001/000226] | 001s 087678000ns | 2026-09-06 12:10:24 | 00:06:40.228 | Ooh
0305/0077680 [+000001/000227] | 001s 087679000ns | 2026-09-06 12:10:25 | 00:06:42.058 | Failed!  | F: 3/5 | P: 5/5 | R1 P: Pattern 5 | R1 FRT: N/A
0305/0077681 [+000001/000228] | 001s 087680000ns | 2026-09-06 12:10:27 | 00:06:43.840 | Ooh
0305/0077682 [+000001/000229] | 001s 087681000ns | 2026-09-06 12:10:29 | 00:06:45.627 | Ooh
0305/0077683 [+000001/000230] | 001s 087682000ns | 2026-09-06 12:10:31 | 00:06:47.392 | Failed!  | F: 3/5 | P: 4/5 | R1 P: Pattern 3 | R1 FRT: N/A
0305/0077684 [+000001/000231] | 001s 087683000ns | 2026-09-06 12:10:33 | 00:06:49.160 | Failed!  | F: 1/5 | P: 4/5 | R1 P: Pattern 6 | R1 FRT: N/A
0305/0077685 [+000001/000232] | 001s 087684000ns | 2026-09-06 12:10:34 | 00:06:50.909 | Ooh
0305/0077686 [+000001/000233] | 001s 087685000ns | 2026-09-06 12:10:37 | 00:06:53.780 | Ooh
0305/0077687 [+000001/000234] | 001s 087686000ns | 2026-09-06 12:10:39 | 00:06:55.738 | Failed!  | F: 3/5 | P: 4/5 | R1 P: Pattern 6 | R1 FRT: coconut
0305/0077688 [+000001/000235] | 001s 087687000ns | 2026-09-06 12:10:41 | 00:06:57.549 | Failed!  | F: 1/5 | P: 4/5 | R1 P: Pattern 2 | R1 FRT: banana
0305/0077689 [+000001/000236] | 001s 087688000ns | 2026-09-06 12:10:43 | 00:06:59.335 | Close!   | F: 5/5 | P: 4/5 | R1 P: Pattern 0 | R1 FRT: coconut
0305/0077690 [+000001/000237] | 001s 087689000ns | 2026-09-06 12:10:45 | 00:07:01.191 | Failed!  | F: 3/5 | P: 4/5 | R1 P: Pattern 6 | R1 FRT: N/A
0305/0077691 [+000001/000238] | 001s 087690000ns | 2026-09-06 12:10:46 | 00:07:02.983 | Ooh
0305/0077692 [+000001/000239] | 001s 087691000ns | 2026-09-06 12:10:48 | 00:07:04.807 | Ooh
0305/0077693 [+000001/000240] | 001s 087692000ns | 2026-09-06 12:10:50 | 00:07:06.614 | Ooh
0305/0077694 [+000001/000241] | 001s 087693000ns | 2026-09-06 12:10:52 | 00:07:08.563 | Failed!  | F: 1/5 | P: 4/5 | R1 P: Pattern 3 | R1 FRT: N/A
0305/0077695 [+000001/000242] | 001s 087694000ns | 2026-09-06 12:10:54 | 00:07:10.361 | Failed!  | F: 3/5 | P: 4/5 | R1 P: Pattern 6 | R1 FRT: N/A
0305/0077696 [+000001/000243] | 001s 087695000ns | 2026-09-06 12:10:56 | 00:07:12.142 | Failed!  | F: 3/5 | P: 4/5 | R1 P: Pattern 3 | R1 FRT: coconut
